    Checking suv v0.1.0 (/home/heiko/development/rust/suv)
warning: constant `VERSION` is never used
  --> src/main.rs:21:7
   |
21 | const VERSION: &str = "0.0.4, Dec 14, 2025 (hj)";
   |       ^^^^^^^
   |
   = note: `#[warn(dead_code)]` (part of `#[warn(unused)]`) on by default

warning: field `title` is never read
  --> src/main.rs:80:5
   |
78 | struct Thesis {
   |        ------ field in this struct
79 |     student: Student,
80 |     title: String,
   |     ^^^^^

warning: constant `EXIT_CODE_NO_HOME_DIR` is never used
 --> src/utils/globals.rs:2:7
  |
2 | const EXIT_CODE_NO_HOME_DIR: i32 = 1;
  |       ^^^^^^^^^^^^^^^^^^^^^

warning: constant `VERSION` is never used
 --> src/utils/globals.rs:5:7
  |
5 | const VERSION: &str = "0.0.4, Dec 14, 2025 (hj)";
  |       ^^^^^^^

warning: constant `CONFIG_FILE` is never used
 --> src/utils/globals.rs:6:7
  |
6 | const CONFIG_FILE: &str = ".config/suv";
  |       ^^^^^^^^^^^

warning: `suv` (bin "suv") generated 5 warnings
    Finished `dev` profile [unoptimized + debuginfo] target(s) in 0.10s
